Microchip MPLAB XC8 Compiler V2.46

Linker command line:

-W-3 \
  --edf=C:\Program Files\Microchip\xc8\v2.46\pic\dat\20240104201356_en.msgs \
  -cn -h+dist/default/production\TY1410_all_in_one_V01.X.production.sym \
  --cmf=dist/default/production\TY1410_all_in_one_V01.X.production.cmf -z \
  -Q16F1936 -oC:\Users\t00904\AppData\Local\Temp\xcBsrk0.1\driver_tmp_3.o \
  --defsym=__MPLAB_BUILD=1 --fixupoverflow=error \
  -Mdist/default/production/TY1410_all_in_one_V01.X.production.map \
  --md=C:\Users\t00904\AppData\Local\Temp\xcBsrk0.1\driver_tmp_0.dat -E1 \
  -ver=XC8 Compiler --acfsm=1493 -ACODE=00h-07FFhx4 -ASTRCODE=00h-01FFFh \
  -ASTRING=00h-0FFhx32 -ACONST=00h-0FFhx32 -AENTRY=00h-0FFhx32 \
  -ACOMMON=070h-07Fh -ABANK0=020h-06Fh -ABANK1=0A0h-0EFh \
  -ABANK2=0120h-016Fh -ABANK3=01A0h-01EFh -ABANK4=0220h-026Fh \
  -ABANK5=02A0h-02EFh -ABANK6=0320h-032Fh -ABIGRAM=02000h-021EFh \
  -ARAM=020h-06Fh,0A0h-0EFh,0120h-016Fh,01A0h-01EFh,0220h-026Fh,02A0h-02EFh,0320h-032Fh \
  -AABS1=020h-07Fh,0A0h-0EFh,0120h-016Fh,01A0h-01EFh,0220h-026Fh,02A0h-02EFh,0320h-032Fh \
  -ASFR0=00h-01Fh -ASFR1=080h-09Fh -ASFR2=0100h-011Fh -ASFR3=0180h-019Fh \
  -ASFR4=0200h-021Fh -ASFR5=0280h-029Fh -ASFR6=0300h-031Fh \
  -ASFR7=0380h-03EFh -ASFR8=0400h-046Fh -ASFR9=0480h-04EFh \
  -ASFR10=0500h-056Fh -ASFR11=0580h-05EFh -ASFR12=0600h-066Fh \
  -ASFR13=0680h-06EFh -ASFR14=0700h-076Fh -ASFR15=0780h-07EFh \
  -ASFR16=0800h-086Fh -ASFR17=0880h-08EFh -ASFR18=0900h-096Fh \
  -ASFR19=0980h-09EFh -ASFR20=0A00h-0A6Fh -ASFR21=0A80h-0AEFh \
  -ASFR22=0B00h-0B6Fh -ASFR23=0B80h-0BEFh -ASFR24=0C00h-0C6Fh \
  -ASFR25=0C80h-0CEFh -ASFR26=0D00h-0D6Fh -ASFR27=0D80h-0DEFh \
  -ASFR28=0E00h-0E6Fh -ASFR29=0E80h-0EEFh -ASFR30=0F00h-0F6Fh \
  -ASFR31=0F80h-0FEFh -ACONFIG=08007h-08008h -DCONFIG=2 \
  -AIDLOC=08000h-08003h -DIDLOC=2 -AEEDATA=00h-0FFh/0F000h \
  -peeprom_data=EEDATA -DEEDATA=2 -DCODE=2 -DSTRCODE=2 -DSTRING=2 -DCONST=2 \
  -DENTRY=2 -preset_vec=00h,intentry=04h,sivt,init,end_init -ppowerup=CODE \
  -pcinit=CODE -pfunctab=ENTRY -k \
  C:\Users\t00904\AppData\Local\Temp\xcBsrk0.1\driver_tmp_15.o \
  dist/default/production\TY1410_all_in_one_V01.X.production.o 

Object code version is 3.11

Machine type is 16F1936



                Name                               Link     Load   Length Selector   Space Scale
C:\Users\t00904\AppData\Local\Temp\xcBsrk0.1\driver_tmp_15.o
                end_init                             26       26        2        8       0
                reset_vec                             0        0        2        0       0
                config                             8007     8007        2        0       4
dist/default/production\TY1410_all_in_one_V01.X.production.o
                cinit                                28       28       16        8       0
                intentry                              4        4       22        8       0
                config                             8007     8007        2        0       4
                text61                              269      269       A2        8       0
                text60                              595      595        F      81A       0
                text59                              697      697        1      D2A       0
                text58                              586      586        F      81A       0
                text57                              5BE      5BE        D      81A       0
                text56                              4D4      4D4       18      81A       0
                text54                              5ED      5ED        A      81A       0
                text53                              5B1      5B1        D      81A       0
                text52                              5D7      5D7        C      81A       0
                text51                              447      447       1F      81A       0
                text50                              61B      61B        9      81A       0
                text49                              648      648        6      81A       0
                text48                              502      502       14      81A       0
                text47                              5A4      5A4        D      81A       0
                text46                              634      634        8      81A       0
                text45                              661      661        4      81A       0
                text44                              49E      49E       1C      81A       0
                text43                              696      696        1      D2A       0
                text42                              689      689        3      81A       0
                text41                              65D      65D        4      81A       0
                text40                              658      658        5      81A       0
                text39                              686      686        3      81A       0
                text38                              683      683        3      81A       0
                text37                              642      642        6      81A       0
                text36                              538      538       11      81A       0
                text35                              612      612        9      81A       0
                text34                              680      680        3      81A       0
                text33                              67D      67D        3      81A       0
                text32                              67A      67A        3      81A       0
                text31                              5CB      5CB        C      81A       0
                text30                              653      653        5      81A       0
                text29                              677      677        3      81A       0
                text28                              674      674        3      81A       0
                text27                              671      671        3      81A       0
                text26                              64E      64E        5      81A       0
                text25                              695      695        1      D2A       0
                text24                              482      482       1C      81A       0
                text23                              66E      66E        3      81A       0
                text22                              466      466       1C      81A       0
                text21                              4BA      4BA       1A      81A       0
                text20                              5E3      5E3        A      81A       0
                text19                              609      609        9      81A       0
                text18                              62C      62C        8      81A       0
                text17                              66B      66B        3      81A       0
                text16                              624      624        8      81A       0
                text15                              600      600        9      81A       0
                text14                              668      668        3      81A       0
                text13                              665      665        3      81A       0
                text12                              5F7      5F7        9      81A       0
                text11                               3E       3E      149        8       0
                text10                              187      187       E2        8       0
                text9                               549      549       10      81A       0
                text8                               379      379       54        8       0
                text7                               527      527       11      81A       0
                text6                               516      516       11      81A       0
                text5                               30B      30B       6E        8       0
                text4                               577      577        F      81A       0
                text3                               568      568        F      81A       0
                text2                               559      559        F      81A       0
                text1                               40D      40D       3A      81A       0
                maintext                            4EC      4EC       16      81A       0
                cstackBANK0                          46       46        7       20       1
                cstackCOMMON                         76       76        6       70       1
                clrtext                             63C      63C        6      81A       0
                dataBANK0                            4D       4D        1       20       1
                bssBANK0                             20       20       26       20       1
                bssCOMMON                            70       70        6       70       1
                stringtext9                         694      694        1      D1A       0
                stringtext8                         693      693        1      D1A       0
                stringtext7                         692      692        1      D1A       0
                stringtext6                         691      691        1      D1A       0
                stringtext5                         690      690        1      D1A       0
                stringtext4                         68F      68F        1      D1A       0
                stringtext3                         68E      68E        1      D1A       0
                stringtext2                         68D      68D        1      D1A       0
                stringtext1                         3CD      3CD       40      79A       0
                idataBANK0                          68C      68C        1      81A       0

TOTAL           Name                               Link     Load   Length     Space
        CLASS   CODE           
                end_init                             26       26        2         0
                cinit                                28       28       16         0
                intentry                              4        4       22         0
                reset_vec                             0        0        2         0
                text61                              269      269       A2         0
                text60                              595      595        F         0
                text59                              697      697        1         0
                text58                              586      586        F         0
                text57                              5BE      5BE        D         0
                text56                              4D4      4D4       18         0
                text54                              5ED      5ED        A         0
                text53                              5B1      5B1        D         0
                text52                              5D7      5D7        C         0
                text51                              447      447       1F         0
                text50                              61B      61B        9         0
                text49                              648      648        6         0
                text48                              502      502       14         0
                text47                              5A4      5A4        D         0
                text46                              634      634        8         0
                text45                              661      661        4         0
                text44                              49E      49E       1C         0
                text43                              696      696        1         0
                text42                              689      689        3         0
                text41                              65D      65D        4         0
                text40                              658      658        5         0
                text39                              686      686        3         0
                text38                              683      683        3         0
                text37                              642      642        6         0
                text36                              538      538       11         0
                text35                              612      612        9         0
                text34                              680      680        3         0
                text33                              67D      67D        3         0
                text32                              67A      67A        3         0
                text31                              5CB      5CB        C         0
                text30                              653      653        5         0
                text29                              677      677        3         0
                text28                              674      674        3         0
                text27                              671      671        3         0
                text26                              64E      64E        5         0
                text25                              695      695        1         0
                text24                              482      482       1C         0
                text23                              66E      66E        3         0
                text22                              466      466       1C         0
                text21                              4BA      4BA       1A         0
                text20                              5E3      5E3        A         0
                text19                              609      609        9         0
                text18                              62C      62C        8         0
                text17                              66B      66B        3         0
                text16                              624      624        8         0
                text15                              600      600        9         0
                text14                              668      668        3         0
                text13                              665      665        3         0
                text12                              5F7      5F7        9         0
                text11                               3E       3E      149         0
                text10                              187      187       E2         0
                text9                               549      549       10         0
                text8                               379      379       54         0
                text7                               527      527       11         0
                text6                               516      516       11         0
                text5                               30B      30B       6E         0
                text4                               577      577        F         0
                text3                               568      568        F         0
                text2                               559      559        F         0
                text1                               40D      40D       3A         0
                maintext                            4EC      4EC       16         0
                clrtext                             63C      63C        6         0
                idataBANK0                          68C      68C        1         0

        CLASS   STRCODE        
                stringtext9                         694      694        1         0
                stringtext8                         693      693        1         0
                stringtext7                         692      692        1         0
                stringtext6                         691      691        1         0
                stringtext5                         690      690        1         0
                stringtext4                         68F      68F        1         0
                stringtext3                         68E      68E        1         0
                stringtext2                         68D      68D        1         0
                stringtext1                         3CD      3CD       40         0

        CLASS   STRING         

        CLASS   CONST          

        CLASS   ENTRY          

        CLASS   COMMON         
                cstackCOMMON                         76       76        6         1
                bssCOMMON                            70       70        6         1

        CLASS   BANK0          
                cstackBANK0                          46       46        7         1
                dataBANK0                            4D       4D        1         1
                bssBANK0                             20       20       26         1

        CLASS   BANK1          

        CLASS   BANK2          

        CLASS   BANK3          

        CLASS   BANK4          

        CLASS   BANK5          

        CLASS   BANK6          

        CLASS   BIGRAM         

        CLASS   RAM            

        CLASS   ABS1           
                abs_s1                               7E       7E        2         1

        CLASS   SFR0           

        CLASS   SFR1           

        CLASS   SFR2           

        CLASS   SFR3           

        CLASS   SFR4           

        CLASS   SFR5           

        CLASS   SFR6           

        CLASS   SFR7           

        CLASS   SFR8           

        CLASS   SFR9           

        CLASS   SFR10          

        CLASS   SFR11          

        CLASS   SFR12          

        CLASS   SFR13          

        CLASS   SFR14          

        CLASS   SFR15          

        CLASS   SFR16          

        CLASS   SFR17          

        CLASS   SFR18          

        CLASS   SFR19          

        CLASS   SFR20          

        CLASS   SFR21          

        CLASS   SFR22          

        CLASS   SFR23          

        CLASS   SFR24          

        CLASS   SFR25          

        CLASS   SFR26          

        CLASS   SFR27          

        CLASS   SFR28          

        CLASS   SFR29          

        CLASS   SFR30          

        CLASS   SFR31          

        CLASS   CONFIG         
                config                             8007     8007        2         4

        CLASS   IDLOC          

        CLASS   EEDATA         

        CLASS   BANK31         

        CLASS   BANK30         

        CLASS   BANK29         

        CLASS   BANK28         

        CLASS   BANK27         

        CLASS   BANK26         

        CLASS   BANK25         

        CLASS   BANK24         

        CLASS   BANK23         

        CLASS   BANK22         

        CLASS   BANK21         

        CLASS   BANK20         

        CLASS   BANK19         

        CLASS   BANK18         

        CLASS   BANK17         

        CLASS   BANK16         

        CLASS   BANK15         

        CLASS   BANK14         

        CLASS   BANK13         

        CLASS   BANK12         

        CLASS   BANK11         

        CLASS   BANK10         

        CLASS   BANK9          

        CLASS   BANK8          

        CLASS   BANK7          

        CLASS   HEAP           

        CLASS   STACK          



SEGMENTS        Name                           Load    Length   Top    Selector   Space  Class     Delta

                reset_vec                      000000  000002  000002         0       0  CODE        2
                intentry                       000004  0003C9  0003CD         8       0  CODE        2
                bssBANK0                       000020  00002E  00004E        20       1  BANK0       1
                bssCOMMON                      000070  00000C  00007C        70       1  COMMON      1
                stringtext1                    0003CD  000040  00040D       79A       0  STRCODE     2
                text1                          00040D  000280  00068D       81A       0  CODE        2
                stringtext2                    00068D  000008  000695       D1A       0  STRCODE     2
                text25                         000695  000003  000698       D2A       0  CODE        2


UNUSED ADDRESS RANGES

        Name                Unused          Largest block    Delta
        BANK0            0004E-0006F              22           1
        BANK1            000A0-000EF              50           1
        BANK2            00120-0016F              50           1
        BANK3            001A0-001EF              50           1
        BANK4            00220-0026F              50           1
        BANK5            002A0-002EF              50           1
        BANK6            00320-0032F              10           1
        BIGRAM           02000-021EF             1F0           1
        CODE             00002-00003               2           2
                         00698-01FFF             800
        COMMON           0007C-0007D               2           1
        CONST            00002-00003               2           2
                         00698-01FFF             100
        EEDATA           0F000-0F0FF             100           2
        ENTRY            00002-00003               2           2
                         00698-01FFF             100
        IDLOC            08000-08003               4           2
        RAM              0004E-0006F              22           1
                         000A0-000EF              50
                         00120-0016F              50
                         001A0-001EF              50
                         00220-0026F              50
                         002A0-002EF              50
                         00320-0032F              10
        SFR0             00000-0001F              20           1
        SFR1             00080-0009F              20           1
        SFR10            00500-0056F              70           1
        SFR11            00580-005EF              70           1
        SFR12            00600-0066F              70           1
        SFR13            00680-006EF              70           1
        SFR14            00700-0076F              70           1
        SFR15            00780-007EF              70           1
        SFR16            00800-0086F              70           1
        SFR17            00880-008EF              70           1
        SFR18            00900-0096F              70           1
        SFR19            00980-009EF              70           1
        SFR2             00100-0011F              20           1
        SFR20            00A00-00A6F              70           1
        SFR21            00A80-00AEF              70           1
        SFR22            00B00-00B6F              70           1
        SFR23            00B80-00BEF              70           1
        SFR24            00C00-00C6F              70           1
        SFR25            00C80-00CEF              70           1
        SFR26            00D00-00D6F              70           1
        SFR27            00D80-00DEF              70           1
        SFR28            00E00-00E6F              70           1
        SFR29            00E80-00EEF              70           1
        SFR3             00180-0019F              20           1
        SFR30            00F00-00F6F              70           1
        SFR31            00F80-00FEF              70           1
        SFR4             00200-0021F              20           1
        SFR5             00280-0029F              20           1
        SFR6             00300-0031F              20           1
        SFR7             00380-003EF              70           1
        SFR8             00400-0046F              70           1
        SFR9             00480-004EF              70           1
        STRCODE          00002-00003               2           2
                         00698-01FFF            1968
        STRING           00002-00003               2           2
                         00698-01FFF             100

                                  Symbol Table

ECCP3_CallBack@bit_cnt                    bssBANK0     0003B
ECCP3_CallBack@capturedValue              cstackCOMMON 00076
ECCP3_CallBack@diff_us                    bssBANK0     0003C
ECCP3_CallBack@fRise_edge                 bssBANK0     0003A
ECCP3_CallBack@fStart_bit                 bssBANK0     00039
ECCP3_CallBack@falling_edge_time          bssBANK0     0002D
ECCP3_CallBack@negative_pulse_width       bssBANK0     00031
ECCP3_CallBack@negative_pulse_width_us    bssCOMMON    00070
ECCP3_CallBack@positive_pulse_width       bssBANK0     0002F
ECCP3_CallBack@positive_pulse_width_us    bssCOMMON    00071
ECCP3_CallBack@rising_edge_time           bssBANK0     0002B
ECCP3_CaptureISR@module                   cstackCOMMON 0007A
EPWM1_LoadDutyValue@dutyValue             cstackBANK0  00046
PWM4_LoadDutyValue@dutyValue              cstackBANK0  00046
TMR0_ISR@CountCallBack                    bssBANK0     00033
TMR0_SetInterruptHandler@InterruptHandler cstackBANK0  00046
TMR0_WriteTimer@timerVal                  cstackBANK0  00046
TMR1_ReadTimer@readValHigh                cstackBANK0  00046
TMR1_ReadTimer@readValLow                 cstackBANK0  00047
TMR1_WriteTimer@timerVal                  cstackBANK0  00046
TMR2_HasOverflowOccured@status            cstackBANK0  00046
TMR2_LoadPeriodRegister@periodVal         cstackBANK0  00046
TMR2_WriteTimer@timerVal                  cstackBANK0  00046
_ANSELA                                   (abs)        0018C
_ANSELB                                   (abs)        0018D
_APFCON                                   (abs)        0011D
_BORCON                                   (abs)        00116
_CCP1CON                                  (abs)        00293
_CCP3CON                                  (abs)        00313
_CCP4CON                                  (abs)        0031A
_CCPR1H                                   (abs)        00292
_CCPR1L                                   (abs)        00291
_CCPR3H                                   (abs)        00312
_CCPR3L                                   (abs)        00311
_CCPR4H                                   (abs)        00319
_CCPR4L                                   (abs)        00318
_CCPTMRS0bits                             (abs)        0029E
_CS                                       stringtext1  003CD
_Clear_No_Call_Warning                    text25       00695
_Communication_timer                      bssBANK0     00042
_D2                                       bssCOMMON    00074
_D3                                       bssBANK0     00045
_DRL_ON_HiPe                              text19       00609
_DRL_POS_OFF_HiPe                         text18       0062C
_ECCP1AS                                  (abs)        00295
_ECCP3_CallBack                           text61       00269
_ECCP3_CaptureISR                         text60       00595
_ECCP3_Initialize                         text54       005ED
_EPWM1_Initialize                         text53       005B1
_EPWM1_LoadDutyValue                      text24       00482
_HIBEAM_OFF                               text23       0066E
_HIBEAM_ON                                text17       0066B
_INTCONbits                               (abs)        0000B
_INTERRUPT_InterruptManager               intentry     00004
_Is_HiPe                                  text20       005E3
_LATA                                     (abs)        0010C
_LATAbits                                 (abs)        0010C
_LATB                                     (abs)        0010D
_LATC                                     (abs)        0010E
_LATCbits                                 (abs)        0010E
_LATE                                     (abs)        00110
_LED_control                              text9        00549
_LED_control_HiPe                         text11       0003E
_LED_control_LoPe                         text10       00187
_LOBEAM_OFF                               text16       00624
_LOBEAM_ON                                text15       00600
_OPTION_REG                               (abs)        00095
_OPTION_REGbits                           (abs)        00095
_OSCCON                                   (abs)        00099
_OSCILLATOR_Initialize                    text52       005D7
_OSCTUNE                                  (abs)        00098
_P2_POS2_OFF                              text14       00668
_P2_POS2_ON                               text13       00665
_PIE3bits                                 (abs)        00093
_PIN_MANAGER_IOC                          text43       00696
_PIN_MANAGER_Initialize                   text51       00447
_PIR1bits                                 (abs)        00011
_PIR3bits                                 (abs)        00013
_PLLR                                     (abs)        004D6
_PORTBbits                                (abs)        0000D
_POS_ON_HiPe                              text12       005F7
_PR2                                      (abs)        0001B
_PSTR1CON                                 (abs)        00296
_PWM1CON                                  (abs)        00294
_PWM4_Initialize                          text50       0061B
_PWM4_LoadDutyValue                       text22       00466
_SYSTEM_Initialize                        text44       0049E
_T1CON                                    (abs)        00018
_T1CONbits                                (abs)        00018
_T1GCON                                   (abs)        00019
_T1GCONbits                               (abs)        00019
_T2CON                                    (abs)        0001C
_T2CONbits                                (abs)        0001C
_TMR0                                     (abs)        00015
_TMR0_10MS_Even                           text58       00586
_TMR0_CallBack                            text57       005BE
_TMR0_DefaultInterruptHandler             text59       00697
_TMR0_ISR                                 text56       004D4
_TMR0_Initialize                          text48       00502
_TMR0_InterruptHandler                    bssBANK0     00035
_TMR0_ReadTimer                           text42       00689
_TMR0_Reload                              text41       0065D
_TMR0_SetInterruptHandler                 text49       00648
_TMR0_WriteTimer                          text40       00658
_TMR1H                                    (abs)        00017
_TMR1L                                    (abs)        00016
_TMR1_CheckGateValueStatus                text39       00686
_TMR1_HasOverflowOccured                  text38       00683
_TMR1_Initialize                          text47       005A4
_TMR1_ReadTimer                           text37       00642
_TMR1_Reload                              text35       00612
_TMR1_StartSinglePulseAcquisition         text34       00680
_TMR1_StartTimer                          text33       0067D
_TMR1_StopTimer                           text32       0067A
_TMR1_WriteTimer                          text36       00538
_TMR2                                     (abs)        0001A
_TMR2_HasOverflowOccured                  text31       005CB
_TMR2_Initialize                          text46       00634
_TMR2_LoadPeriodRegister                  text30       00653
_TMR2_ReadTimer                           text29       00677
_TMR2_StartTimer                          text28       00674
_TMR2_StopTimer                           text27       00671
_TMR2_WriteTimer                          text26       0064E
_TRISA                                    (abs)        0008C
_TRISB                                    (abs)        0008D
_TRISC                                    (abs)        0008E
_TRISE                                    (abs)        00090
_WDTCON                                   (abs)        00097
_WDT_Initialize                           text45       00661
_WPUB                                     (abs)        0020D
_WPUE                                     (abs)        00210
__H__absolute__                           __absolute__ 00000
__Habs1                                   abs1         00000
__Hbank0                                  bank0        00000
__Hbank1                                  bank1        00000
__Hbank10                                 bank10       00000
__Hbank11                                 bank11       00000
__Hbank12                                 bank12       00000
__Hbank13                                 bank13       00000
__Hbank14                                 bank14       00000
__Hbank15                                 bank15       00000
__Hbank16                                 bank16       00000
__Hbank17                                 bank17       00000
__Hbank18                                 bank18       00000
__Hbank19                                 bank19       00000
__Hbank2                                  bank2        00000
__Hbank20                                 bank20       00000
__Hbank21                                 bank21       00000
__Hbank22                                 bank22       00000
__Hbank23                                 bank23       00000
__Hbank24                                 bank24       00000
__Hbank25                                 bank25       00000
__Hbank26                                 bank26       00000
__Hbank27                                 bank27       00000
__Hbank28                                 bank28       00000
__Hbank29                                 bank29       00000
__Hbank3                                  bank3        00000
__Hbank30                                 bank30       00000
__Hbank31                                 bank31       00000
__Hbank4                                  bank4        00000
__Hbank5                                  bank5        00000
__Hbank6                                  bank6        00000
__Hbank7                                  bank7        00000
__Hbank8                                  bank8        00000
__Hbank9                                  bank9        00000
__Hbigram                                 bigram       00000
__HbssBANK0                               bssBANK0     00000
__HbssCOMMON                              bssCOMMON    00000
__Hcinit                                  cinit        0003E
__Hclrtext                                clrtext      00000
__Hcode                                   code         00000
__Hcommon                                 common       00000
__Hconfig                                 config       08009
__HcstackBANK0                            cstackBANK0  00000
__HcstackCOMMON                           cstackCOMMON 00000
__HdataBANK0                              dataBANK0    00000
__Heeprom_data                            eeprom_data  00000
__Hend_init                               end_init     00028
__Hfunctab                                functab      00000
__Hheap                                   heap         00000
__HidataBANK0                             idataBANK0   00000
__Hinit                                   init         00026
__Hintentry                               intentry     00026
__Hmaintext                               maintext     00000
__Hpowerup                                powerup      00000
__Hram                                    ram          00000
__Hreset_vec                              reset_vec    00002
__Hsfr0                                   sfr0         00000
__Hsfr1                                   sfr1         00000
__Hsfr10                                  sfr10        00000
__Hsfr11                                  sfr11        00000
__Hsfr12                                  sfr12        00000
__Hsfr13                                  sfr13        00000
__Hsfr14                                  sfr14        00000
__Hsfr15                                  sfr15        00000
__Hsfr16                                  sfr16        00000
__Hsfr17                                  sfr17        00000
__Hsfr18                                  sfr18        00000
__Hsfr19                                  sfr19        00000
__Hsfr2                                   sfr2         00000
__Hsfr20                                  sfr20        00000
__Hsfr21                                  sfr21        00000
__Hsfr22                                  sfr22        00000
__Hsfr23                                  sfr23        00000
__Hsfr24                                  sfr24        00000
__Hsfr25                                  sfr25        00000
__Hsfr26                                  sfr26        00000
__Hsfr27                                  sfr27        00000
__Hsfr28                                  sfr28        00000
__Hsfr29                                  sfr29        00000
__Hsfr3                                   sfr3         00000
__Hsfr30                                  sfr30        00000
__Hsfr31                                  sfr31        00000
__Hsfr4                                   sfr4         00000
__Hsfr5                                   sfr5         00000
__Hsfr6                                   sfr6         00000
__Hsfr7                                   sfr7         00000
__Hsfr8                                   sfr8         00000
__Hsfr9                                   sfr9         00000
__Hsivt                                   sivt         00026
__Hspace_0                                (abs)        00698
__Hspace_1                                (abs)        0007C
__Hspace_2                                (abs)        00000
__Hspace_3                                (abs)        00000
__Hspace_4                                (abs)        10010
__Hstack                                  stack        00000
__Hstrings                                strings      00000
__Hstringtext1                            stringtext1  00000
__Hstringtext2                            stringtext2  00000
__Hstringtext3                            stringtext3  00000
__Hstringtext4                            stringtext4  00000
__Hstringtext5                            stringtext5  00000
__Hstringtext6                            stringtext6  00000
__Hstringtext7                            stringtext7  00000
__Hstringtext8                            stringtext8  00000
__Hstringtext9                            stringtext9  00000
__Htext                                   text         00000
__L__absolute__                           __absolute__ 00000
__Labs1                                   abs1         00000
__Lbank0                                  bank0        00000
__Lbank1                                  bank1        00000
__Lbank10                                 bank10       00000
__Lbank11                                 bank11       00000
__Lbank12                                 bank12       00000
__Lbank13                                 bank13       00000
__Lbank14                                 bank14       00000
__Lbank15                                 bank15       00000
__Lbank16                                 bank16       00000
__Lbank17                                 bank17       00000
__Lbank18                                 bank18       00000
__Lbank19                                 bank19       00000
__Lbank2                                  bank2        00000
__Lbank20                                 bank20       00000
__Lbank21                                 bank21       00000
__Lbank22                                 bank22       00000
__Lbank23                                 bank23       00000
__Lbank24                                 bank24       00000
__Lbank25                                 bank25       00000
__Lbank26                                 bank26       00000
__Lbank27                                 bank27       00000
__Lbank28                                 bank28       00000
__Lbank29                                 bank29       00000
__Lbank3                                  bank3        00000
__Lbank30                                 bank30       00000
__Lbank31                                 bank31       00000
__Lbank4                                  bank4        00000
__Lbank5                                  bank5        00000
__Lbank6                                  bank6        00000
__Lbank7                                  bank7        00000
__Lbank8                                  bank8        00000
__Lbank9                                  bank9        00000
__Lbigram                                 bigram       00000
__LbssBANK0                               bssBANK0     00000
__LbssCOMMON                              bssCOMMON    00000
__Lcinit                                  cinit        00028
__Lclrtext                                clrtext      00000
__Lcode                                   code         00000
__Lcommon                                 common       00000
__Lconfig                                 config       00000
__LcstackBANK0                            cstackBANK0  00000
__LcstackCOMMON                           cstackCOMMON 00000
__LdataBANK0                              dataBANK0    00000
__Leeprom_data                            eeprom_data  00000
__Lend_init                               end_init     00026
__Lfunctab                                functab      00000
__Lheap                                   heap         00000
__LidataBANK0                             idataBANK0   00000
__Linit                                   init         00026
__Lintentry                               intentry     00004
__Lmaintext                               maintext     00000
__Lpowerup                                powerup      00000
__Lram                                    ram          00000
__Lreset_vec                              reset_vec    00000
__Lsfr0                                   sfr0         00000
__Lsfr1                                   sfr1         00000
__Lsfr10                                  sfr10        00000
__Lsfr11                                  sfr11        00000
__Lsfr12                                  sfr12        00000
__Lsfr13                                  sfr13        00000
__Lsfr14                                  sfr14        00000
__Lsfr15                                  sfr15        00000
__Lsfr16                                  sfr16        00000
__Lsfr17                                  sfr17        00000
__Lsfr18                                  sfr18        00000
__Lsfr19                                  sfr19        00000
__Lsfr2                                   sfr2         00000
__Lsfr20                                  sfr20        00000
__Lsfr21                                  sfr21        00000
__Lsfr22                                  sfr22        00000
__Lsfr23                                  sfr23        00000
__Lsfr24                                  sfr24        00000
__Lsfr25                                  sfr25        00000
__Lsfr26                                  sfr26        00000
__Lsfr27                                  sfr27        00000
__Lsfr28                                  sfr28        00000
__Lsfr29                                  sfr29        00000
__Lsfr3                                   sfr3         00000
__Lsfr30                                  sfr30        00000
__Lsfr31                                  sfr31        00000
__Lsfr4                                   sfr4         00000
__Lsfr5                                   sfr5         00000
__Lsfr6                                   sfr6         00000
__Lsfr7                                   sfr7         00000
__Lsfr8                                   sfr8         00000
__Lsfr9                                   sfr9         00000
__Lsivt                                   sivt         00026
__Lspace_0                                (abs)        00000
__Lspace_1                                (abs)        00000
__Lspace_2                                (abs)        00000
__Lspace_3                                (abs)        00000
__Lspace_4                                (abs)        00000
__Lstack                                  stack        00000
__Lstrings                                strings      00000
__Lstringtext1                            stringtext1  00000
__Lstringtext2                            stringtext2  00000
__Lstringtext3                            stringtext3  00000
__Lstringtext4                            stringtext4  00000
__Lstringtext5                            stringtext5  00000
__Lstringtext6                            stringtext6  00000
__Lstringtext7                            stringtext7  00000
__Lstringtext8                            stringtext8  00000
__Lstringtext9                            stringtext9  00000
__Ltext                                   text         00000
__S0                                      (abs)        00698
__S1                                      (abs)        0007C
__S3                                      (abs)        00000
___heap_hi                                (abs)        00000
___heap_lo                                (abs)        00000
___int_sp                                 stack        00000
___int_stack_hi                           stack        00000
___int_stack_lo                           stack        00000
___latbits                                (abs)        00002
___sp                                     stack        00000
___stack_hi                               stack        00000
___stack_lo                               stack        00000
___stackhi                                (abs)        00000
___stacklo                                (abs)        00000
__end_of_BIT_7                            stringtext2  0068E
__end_of_BUF_LENGTH                       stringtext5  00691
__end_of_CS                               stringtext1  0040D
__end_of_Clear_No_Call_Warning            text25       00696
__end_of_DATA_LENGTH                      stringtext8  00694
__end_of_DRL_ON_HiPe                      text19       00612
__end_of_DRL_POS_OFF_HiPe                 text18       00634
__end_of_ECCP3_CallBack                   text61       0030B
__end_of_ECCP3_CaptureISR                 text60       005A4
__end_of_ECCP3_Initialize                 text54       005F7
__end_of_EPWM1_Initialize                 text53       005BE
__end_of_EPWM1_LoadDutyValue              text24       0049E
__end_of_FALLING_EDGE_TRIG                stringtext3  0068F
__end_of_HIBEAM_OFF                       text23       00671
__end_of_HIBEAM_ON                        text17       0066E
__end_of_INTERRUPT_InterruptManager       intentry     00026
__end_of_Is_HiPe                          text20       005ED
__end_of_LED_control                      text9        00559
__end_of_LED_control_HiPe                 text11       00187
__end_of_LED_control_LoPe                 text10       00269
__end_of_LIGHT_PID                        stringtext9  00695
__end_of_LOBEAM_OFF                       text16       0062C
__end_of_LOBEAM_ON                        text15       00609
__end_of_LOGIC_LEVEL                      stringtext7  00693
__end_of_OSCILLATOR_Initialize            text52       005E3
__end_of_P2_POS2_OFF                      text14       0066B
__end_of_P2_POS2_ON                       text13       00668
__end_of_PIN_MANAGER_IOC                  text43       00697
__end_of_PIN_MANAGER_Initialize           text51       00466
__end_of_POS_ON_HiPe                      text12       00600
__end_of_PWM4_Initialize                  text50       00624
__end_of_PWM4_LoadDutyValue               text22       00482
__end_of_RISING_EDGE_TRIG                 stringtext4  00690
__end_of_SYSTEM_Initialize                text44       004BA
__end_of_TMR0_10MS_Even                   text58       00595
__end_of_TMR0_CallBack                    text57       005CB
__end_of_TMR0_DefaultInterruptHandler     text59       00698
__end_of_TMR0_ISR                         text56       004EC
__end_of_TMR0_Initialize                  text48       00516
__end_of_TMR0_ReadTimer                   text42       0068C
__end_of_TMR0_Reload                      text41       00661
__end_of_TMR0_SetInterruptHandler         text49       0064E
__end_of_TMR0_WriteTimer                  text40       0065D
__end_of_TMR1_CheckGateValueStatus        text39       00689
__end_of_TMR1_HasOverflowOccured          text38       00686
__end_of_TMR1_Initialize                  text47       005B1
__end_of_TMR1_ReadTimer                   text37       00648
__end_of_TMR1_Reload                      text35       0061B
__end_of_TMR1_StartSinglePulseAcquisition text34       00683
__end_of_TMR1_StartTimer                  text33       00680
__end_of_TMR1_StopTimer                   text32       0067D
__end_of_TMR1_WriteTimer                  text36       00549
__end_of_TMR2_HasOverflowOccured          text31       005D7
__end_of_TMR2_Initialize                  text46       0063C
__end_of_TMR2_LoadPeriodRegister          text30       00658
__end_of_TMR2_ReadTimer                   text29       0067A
__end_of_TMR2_StartTimer                  text28       00677
__end_of_TMR2_StopTimer                   text27       00674
__end_of_TMR2_WriteTimer                  text26       00653
__end_of_UART_LEVEL                       stringtext6  00692
__end_of_WDT_Initialize                   text45       00665
__end_of__initialization                  cinit        0003A
__end_of_analysis_of_data                 text8        003CD
__end_of_check_lamp_off_even              text7        00538
__end_of_check_unlock_even                text6        00527
__end_of_main                             maintext     00502
__end_of_receiver_frame_data              text5        00379
__end_of_sofaware_initialize              text21       004D4
__end_of_to_do_lamp_off                   text4        00586
__end_of_to_do_signal_timeout             text3        00577
__end_of_to_do_unlock                     text2        00568
__end_of_tundra_main                      text1        00447
__initialization                          cinit        00028
__pbssBANK0                               bssBANK0     00020
__pbssCOMMON                              bssCOMMON    00070
__pcstackBANK0                            cstackBANK0  00046
__pcstackCOMMON                           cstackCOMMON 00076
__pdataBANK0                              dataBANK0    0004D
__pidataBANK0                             idataBANK0   0068C
__pintentry                               intentry     00004
__pmaintext                               maintext     004EC
__pstringtext1                            stringtext1  003CD
__pstringtext2                            stringtext2  0068D
__pstringtext3                            stringtext3  0068E
__pstringtext4                            stringtext4  0068F
__pstringtext5                            stringtext5  00690
__pstringtext6                            stringtext6  00691
__pstringtext7                            stringtext7  00692
__pstringtext8                            stringtext8  00693
__pstringtext9                            stringtext9  00694
__ptext1                                  text1        0040D
__ptext10                                 text10       00187
__ptext11                                 text11       0003E
__ptext12                                 text12       005F7
__ptext13                                 text13       00665
__ptext14                                 text14       00668
__ptext15                                 text15       00600
__ptext16                                 text16       00624
__ptext17                                 text17       0066B
__ptext18                                 text18       0062C
__ptext19                                 text19       00609
__ptext2                                  text2        00559
__ptext20                                 text20       005E3
__ptext21                                 text21       004BA
__ptext22                                 text22       00466
__ptext23                                 text23       0066E
__ptext24                                 text24       00482
__ptext25                                 text25       00695
__ptext26                                 text26       0064E
__ptext27                                 text27       00671
__ptext28                                 text28       00674
__ptext29                                 text29       00677
__ptext3                                  text3        00568
__ptext30                                 text30       00653
__ptext31                                 text31       005CB
__ptext32                                 text32       0067A
__ptext33                                 text33       0067D
__ptext34                                 text34       00680
__ptext35                                 text35       00612
__ptext36                                 text36       00538
__ptext37                                 text37       00642
__ptext38                                 text38       00683
__ptext39                                 text39       00686
__ptext4                                  text4        00577
__ptext40                                 text40       00658
__ptext41                                 text41       0065D
__ptext42                                 text42       00689
__ptext43                                 text43       00696
__ptext44                                 text44       0049E
__ptext45                                 text45       00661
__ptext46                                 text46       00634
__ptext47                                 text47       005A4
__ptext48                                 text48       00502
__ptext49                                 text49       00648
__ptext5                                  text5        0030B
__ptext50                                 text50       0061B
__ptext51                                 text51       00447
__ptext52                                 text52       005D7
__ptext53                                 text53       005B1
__ptext54                                 text54       005ED
__ptext56                                 text56       004D4
__ptext57                                 text57       005BE
__ptext58                                 text58       00586
__ptext59                                 text59       00697
__ptext6                                  text6        00516
__ptext60                                 text60       00595
__ptext61                                 text61       00269
__ptext7                                  text7        00527
__ptext8                                  text8        00379
__ptext9                                  text9        00549
_analysis_of_data                         text8        00379
_check_lamp_off_even                      text7        00527
_check_unlock_even                        text6        00516
_csFlag                                   bssCOMMON    00073
_eLamp_even                               bssBANK0     00040
_fFrame_OK                                bssBANK0     00043
_fLamp_Conf                               bssBANK0     0003F
_fReceiver_Byte                           bssBANK0     00044
_main                                     maintext     004EC
_receiver_frame_data                      text5        0030B
_rx_buf                                   bssBANK0     00020
_rx_data                                  bssCOMMON    00072
_sofaware_initialize                      text21       004BA
_timer0ReloadVal                          bssCOMMON    00075
_timer1ReloadVal                          bssBANK0     00037
_to_do_lamp_off                           text4        00577
_to_do_signal_timeout                     text3        00568
_to_do_unlock                             text2        00559
_tundra_main                              text1        0040D
analysis_of_data@crc8                     cstackBANK0  00046
analysis_of_data@temp_index               cstackBANK0  00047
btemp                                     (abs)        0007E
clear_ram0                                clrtext      0063C
end_of_initialization                     cinit        0003A
int$flags                                 (abs)        0007E
intlevel0                                 functab      00000
intlevel1                                 functab      00000
intlevel2                                 functab      00000
intlevel3                                 functab      00000
intlevel4                                 functab      00000
intlevel5                                 functab      00000
receiver_frame_data@eReceiver_step        bssBANK0     0003D
reset_vec                                 reset_vec    00000
start                                     init         00026
start_initialization                      cinit        00028
wtemp0                                    (abs)        0007E


MODULE INFORMATION

Module		Function		Class		Link	Load	Size
mcc_generated_files/pwm4.c
		_PWM4_Initialize		CODE           	061B	0000	9
		_PWM4_LoadDutyValue		CODE           	0466	0000	28

mcc_generated_files/pwm4.c estimated size: 37

tundra.c
		_Clear_No_Call_Warning		CODE           	0695	0000	1
		_check_unlock_even		CODE           	0516	0000	17
		_receiver_frame_data		CODE           	030B	0000	110
		_LED_control_HiPe		CODE           	003E	0000	329
		_LED_control_LoPe		CODE           	0187	0000	226
		_LED_control   		CODE           	0549	0000	16
		_tundra_main   		CODE           	040D	0000	58
		_analysis_of_data		CODE           	0379	0000	84
		_to_do_unlock  		CODE           	0559	0000	15
		_to_do_lamp_off		CODE           	0577	0000	15
		_TMR0_10MS_Even		CODE           	0586	0000	15
		_ECCP3_CallBack		CODE           	0269	0000	162
		_check_lamp_off_even		CODE           	0527	0000	17
		_sofaware_initialize		CODE           	04BA	0000	26
		_to_do_signal_timeout		CODE           	0568	0000	15

tundra.c estimated size: 1106

mcc_generated_files/tmr2.c
		_TMR2_LoadPeriodRegister		CODE           	0653	0000	5
		_TMR2_Initialize		CODE           	0634	0000	8
		_TMR2_StopTimer		CODE           	0671	0000	3
		_TMR2_WriteTimer		CODE           	064E	0000	5
		_TMR2_StartTimer		CODE           	0674	0000	3
		_TMR2_ReadTimer		CODE           	0677	0000	3
		_TMR2_HasOverflowOccured		CODE           	05CB	0000	12

mcc_generated_files/tmr2.c estimated size: 39

mcc_generated_files/interrupt_manager.c
		_INTERRUPT_InterruptManager		CODE           	0004	0000	34

mcc_generated_files/interrupt_manager.c estimated size: 34

mcc_generated_files/tmr0.c
		_TMR0_SetInterruptHandler		CODE           	0648	0000	6
		_TMR0_Reload   		CODE           	065D	0000	4
		_TMR0_DefaultInterruptHandler		CODE           	0697	0000	1
		_TMR0_CallBack 		CODE           	05BE	0000	13
		_TMR0_WriteTimer		CODE           	0658	0000	5
		_TMR0_ReadTimer		CODE           	0689	0000	3
		_TMR0_ISR      		CODE           	04D4	0000	24
		_TMR0_Initialize		CODE           	0502	0000	20

mcc_generated_files/tmr0.c estimated size: 76

mcc_generated_files/pin_manager.c
		_PIN_MANAGER_Initialize		CODE           	0447	0000	31
		_PIN_MANAGER_IOC		CODE           	0696	0000	1

mcc_generated_files/pin_manager.c estimated size: 32

LED_output.c
		_DRL_POS_OFF_HiPe		CODE           	062C	0000	8
		_POS_ON_HiPe   		CODE           	05F7	0000	9
		_HIBEAM_ON     		CODE           	066B	0000	3
		_HIBEAM_OFF    		CODE           	066E	0000	3
		_LOBEAM_ON     		CODE           	0600	0000	9
		_LOBEAM_OFF    		CODE           	0624	0000	8
		_P2_POS2_ON    		CODE           	0665	0000	3
		_P2_POS2_OFF   		CODE           	0668	0000	3
		_Is_HiPe       		CODE           	05E3	0000	10
		_DRL_ON_HiPe   		CODE           	0609	0000	9

LED_output.c estimated size: 65

shared
		_UART_LEVEL    		STRCODE        	0000	0000	0
		_BUF_LENGTH    		STRCODE        	0000	0000	0
		_RISING_EDGE_TRIG		STRCODE        	0000	0000	0
		_DATA_LENGTH   		STRCODE        	0000	0000	0
		_LOGIC_LEVEL   		STRCODE        	0000	0000	0
		__initialization		CODE           	0028	0000	18
		_CS            		STRCODE        	03CD	0000	64
		_BIT_7         		STRCODE        	0000	0000	0
		_FALLING_EDGE_TRIG		STRCODE        	0000	0000	0
		_LIGHT_PID     		STRCODE        	0000	0000	0

shared estimated size: 82

mcc_generated_files/mcc.c
		_WDT_Initialize		CODE           	0661	0000	4
		_OSCILLATOR_Initialize		CODE           	05D7	0000	12
		_SYSTEM_Initialize		CODE           	049E	0000	28

mcc_generated_files/mcc.c estimated size: 44

mcc_generated_files/tmr1.c
		_TMR1_Initialize		CODE           	05A4	0000	13
		_TMR1_StartSinglePulseAcquisition		CODE           	0680	0000	3
		_TMR1_StopTimer		CODE           	067A	0000	3
		_TMR1_Reload   		CODE           	0612	0000	9
		_TMR1_CheckGateValueStatus		CODE           	0686	0000	3
		_TMR1_WriteTimer		CODE           	0538	0000	17
		_TMR1_StartTimer		CODE           	067D	0000	3
		_TMR1_ReadTimer		CODE           	0642	0000	6
		_TMR1_HasOverflowOccured		CODE           	0683	0000	3

mcc_generated_files/tmr1.c estimated size: 60

mcc_generated_files/epwm1.c
		_EPWM1_LoadDutyValue		CODE           	0482	0000	28
		_EPWM1_Initialize		CODE           	05B1	0000	13

mcc_generated_files/epwm1.c estimated size: 41

main.c
		_main          		CODE           	04EC	0000	22

main.c estimated size: 22

mcc_generated_files/eccp3.c
		_ECCP3_CaptureISR		CODE           	0595	0000	15
		_ECCP3_Initialize		CODE           	05ED	0000	10

mcc_generated_files/eccp3.c estimated size: 25

